// Jest Snapshot v1, https://goo.gl/fbAQLP

exports[`Devicon Icons should ensure the export names have not changed unexpectedly 1`] = `
Array [
  "diAarch64Line",
  "diAmazonwebservicesLineWordmark",
  "diApacheLineWordmark",
  "diApacheLine",
  "diBallerinaLineWordmark",
  "diBallerinaLine",
  "diBlazorLine",
  "diBowerLineWordmark",
  "diBowerLine",
  "diBrowserstackLineWordmark",
  "diBrowserstackLine",
  "diBunLine",
  "diCLine",
  "diClojureLine",
  "diCodepenLineWordmark",
  "diCodepenLine",
  "diComposerLineWordmark",
  "diComposerLine",
  "diConfluenceLineWordmark",
  "diConfluenceLine",
  "diCplusplusLine",
  "diCrystalLineWordmark",
  "diCrystalLine",
  "diCsharpLine",
  "diCypressioLineWordmark",
  "diCypressioLine",
  "diDeviconLineWordmark",
  "diDeviconLine",
  "diDjangorestLineWordmark",
  "diDjangorestLine",
  "diDoctrineLineWordmark",
  "diDoctrineLine",
  "diDreamweaverLine",
  "diEslintLineWordmark",
  "diEslintLine",
  "diFaunadbLineWordmark",
  "diFaunadbLine",
  "diFilezillaLineWordmark",
  "diFilezillaLine",
  "diFirebaseLineWordmark",
  "diFirebaseLine",
  "diGatlingLineWordmark",
  "diGatlingLine",
  "diGccLine",
  "diGentooLineWordmark",
  "diGentooLine",
  "diGimpLineWordmark",
  "diGimpLine",
  "diGitbookLineWordmark",
  "diGitbookLine",
  "diGoLine",
  "diGrafanaLineWordmark",
  "diGrafanaLine",
  "diGruntLineWordmark",
  "diGruntLine",
  "diHandlebarsLineWordmark",
  "diHandlebarsLine",
  "diHelmLine",
  "diHomebrewLineWordmark",
  "diHomebrewLine",
  "diIllustratorLine",
  "diJenkinsLine",
  "diJetpackcomposeLineWordmark",
  "diJetpackcomposeLine",
  "diJunitLineWordmark",
  "diJunitLine",
  "diK3osLineWordmark",
  "diK3osLine",
  "diKerasLineWordmark",
  "diKerasLine",
  "diKubernetesLineWordmark",
  "diKubernetesLine",
  "diLaravelLineWordmark",
  "diLaravelLine",
  "diLuaLine",
  "diMagentoLineWordmark",
  "diMagentoLine",
  "diMatlabLine",
  "diMicrosoftsqlserverLineWordmark",
  "diMicrosoftsqlserverLine",
  "diMithrilLine",
  "diMsdosLine",
  "diNeovimLineWordmark",
  "diNeovimLine",
  "diNestjsLineWordmark",
  "diNestjsLine",
  "diNetworkxLineWordmark",
  "diNetworkxLine",
  "diNextjsLineWordmark",
  "diNextjsLine",
  "diNhibernateLineWordmark",
  "diNhibernateLine",
  "diNimLineWordmark",
  "diNimLine",
  "diNodejsLineWordmark",
  "diNodejsLine",
  "diNodemonLine",
  "diNodewebkitLineWordmark",
  "diNodewebkitLine",
  "diNotionLine",
  "diNumpyLineWordmark",
  "diNumpyLine",
  "diOpenapiLineWordmark",
  "diOpenapiLine",
  "diOpenclLine",
  "diPackerLineWordmark",
  "diPackerLine",
  "diPandasLineWordmark",
  "diPandasLine",
  "diPhotoshopLine",
  "diPrometheusLineWordmark",
  "diPrometheusLine",
  "diProtractorLineWordmark",
  "diProtractorLine",
  "diRLine",
  "diRailwayLineWordmark",
  "diRailwayLine",
  "diRancherLineWordmark",
  "diRancherLine",
  "diRaspberrypiLineWordmark",
  "diRaspberrypiLine",
  "diReadthedocsLine",
  "diRocksdbLine",
  "diRollupLineWordmark",
  "diRollupLine",
  "diRspecLineWordmark",
  "diRspecLine",
  "diRustLine",
  "diSafariLineWordmark",
  "diSafariLine",
  "diScalingoLineWordmark",
  "diScalingoLine",
  "diScikitlearnLine",
  "diSketchLineWordmark",
  "diSketchLine",
  "diSonarqubeLineWordmark",
  "diSonarqubeLine",
  "diStackoverflowLineWordmark",
  "diStackoverflowLine",
  "diTensorflowLineWordmark",
  "diTensorflowLine",
  "diTomcatLineWordmark",
  "diTomcatLine",
  "diTortoisegitLine",
  "diTraefikmeshLineWordmark",
  "diTraefikmeshLine",
  "diTraefikproxyLineWordmark",
  "diTraefikproxyLine",
  "diTravisLineWordmark",
  "diTravisLine",
  "diTrelloLineWordmark",
  "diTrelloLine",
  "diTypo3LineWordmark",
  "diTypo3Line",
  "diUnityLineWordmark",
  "diUnityLine",
  "diVercelLineWordmark",
  "diVercelLine",
  "diVertxLineWordmark",
  "diVertxLine",
  "diVisualbasicLine",
  "diVisualstudioLineWordmark",
  "diVisualstudioLine",
  "diVsphereLineWordmark",
  "diVsphereLine",
  "diVuejsLineWordmark",
  "diVuejsLine",
  "diVuetifyLine",
  "diXdLine",
  "diXmlLine",
  "diYarnLineWordmark",
  "diYarnLine",
  "diZendLineWordmark",
  "diZendLine",
]
`;

exports[`Devicon Icons should ensure the export names have not changed unexpectedly 2`] = `
Array [
  "diAarch64Plain",
  "diAftereffectsPlain",
  "diAkkaPlainWordmark",
  "diAkkaPlain",
  "diAmazonwebservicesPlainWordmark",
  "diAndroidPlainWordmark",
  "diAndroidPlain",
  "diAndroidstudioPlainWordmark",
  "diAndroidstudioPlain",
  "diAngularPlainWordmark",
  "diAngularPlain",
  "diAngularjsPlainWordmark",
  "diAngularjsPlain",
  "diAngularmaterialPlain",
  "diAnsiblePlainWordmark",
  "diAnsiblePlain",
  "diAntdesignPlainWordmark",
  "diAntdesignPlain",
  "diApachePlainWordmark",
  "diApachePlain",
  "diApacheairflowPlainWordmark",
  "diApacheairflowPlain",
  "diApachesparkPlainWordmark",
  "diAplPlain",
  "diAppceleratorPlainWordmark",
  "diAppwritePlainWordmark",
  "diAppwritePlain",
  "diArchlinuxPlainWordmark",
  "diArchlinuxPlain",
  "diArduinoPlainWordmark",
  "diArduinoPlain",
  "diArgocdPlainWordmark",
  "diArgocdPlain",
  "diAstroPlainWordmark",
  "diAstroPlain",
  "diAwkPlainWordmark",
  "diAxiosPlainWordmark",
  "diAxiosPlain",
  "diAzurePlainWordmark",
  "diAzurePlain",
  "diAzuredevopsPlain",
  "diAzuresqldatabasePlain",
  "diBabelPlain",
  "diBackbonejsPlainWordmark",
  "diBackbonejsPlain",
  "diBashPlain",
  "diBeatsPlain",
  "diBehancePlainWordmark",
  "diBehancePlain",
  "diBootstrapPlainWordmark",
  "diBootstrapPlain",
  "diBowerPlainWordmark",
  "diBowerPlain",
  "diBrowserstackPlainWordmark",
  "diBrowserstackPlain",
  "diBulmaPlain",
  "diBunPlain",
  "diCPlain",
  "diCairoPlainWordmark",
  "diCairoPlain",
  "diCakephpPlainWordmark",
  "diCakephpPlain",
  "diCapacitorPlainWordmark",
  "diCapacitorPlain",
  "diCassandraPlainWordmark",
  "diCassandraPlain",
  "diCentosPlainWordmark",
  "diCentosPlain",
  "diCeylonPlainWordmark",
  "diCeylonPlain",
  "diChromePlainWordmark",
  "diChromePlain",
  "diCircleciPlainWordmark",
  "diCircleciPlain",
  "diClarityPlainWordmark",
  "diClarityPlain",
  "diClionPlainWordmark",
  "diClionPlain",
  "diClojurescriptPlain",
  "diCloudflarePlainWordmark",
  "diCloudflarePlain",
  "diCloudflareworkersPlainWordmark",
  "diCloudflareworkersPlain",
  "diCmakePlainWordmark",
  "diCmakePlain",
  "diCodecovPlain",
  "diCodeigniterPlainWordmark",
  "diCodeigniterPlain",
  "diConfluencePlainWordmark",
  "diConfluencePlain",
  "diConsulPlainWordmark",
  "diCosmosdbPlainWordmark",
  "diCosmosdbPlain",
  "diCouchbasePlainWordmark",
  "diCouchdbPlainWordmark",
  "diCouchdbPlain",
  "diCplusplusPlain",
  "diCsharpPlain",
  "diCss3PlainWordmark",
  "diCss3Plain",
  "diCucumberPlainWordmark",
  "diCucumberPlain",
  "diCypressioPlainWordmark",
  "diCypressioPlain",
  "diD3jsPlain",
  "diDartPlainWordmark",
  "diDartPlain",
  "diDatagripPlainWordmark",
  "diDatagripPlain",
  "diDataspellPlainWordmark",
  "diDataspellPlain",
  "diDbeaverPlain",
  "diDebianPlainWordmark",
  "diDebianPlain",
  "diDeviconPlainWordmark",
  "diDeviconPlain",
  "diDiscordjsPlainWordmark",
  "diDiscordjsPlain",
  "diDjangoPlainWordmark",
  "diDjangoPlain",
  "diDjangorestPlainWordmark",
  "diDjangorestPlain",
  "diDockerPlainWordmark",
  "diDockerPlain",
  "diDoctrinePlainWordmark",
  "diDoctrinePlain",
  "diDotNetPlainWordmark",
  "diDotNetPlain",
  "diDotnetcorePlain",
  "diDreamweaverPlain",
  "diDropwizardPlain",
  "diDrupalPlainWordmark",
  "diDrupalPlain",
  "diDynamodbPlain",
  "diEclipsePlainWordmark",
  "diEclipsePlain",
  "diEctoPlainWordmark",
  "diElasticsearchPlainWordmark",
  "diElasticsearchPlain",
  "diEleventyPlain",
  "diElixirPlainWordmark",
  "diElixirPlain",
  "diElmPlainWordmark",
  "diElmPlain",
  "diEmbeddedcPlainWordmark",
  "diEmbeddedcPlain",
  "diEmberPlain",
  "diEnvoyPlainWordmark",
  "diEnvoyPlain",
  "diErlangPlainWordmark",
  "diErlangPlain",
  "diEslintPlainWordmark",
  "diEslintPlain",
  "diFacebookPlain",
  "diFastapiPlainWordmark",
  "diFastapiPlain",
  "diFastifyPlainWordmark",
  "diFastifyPlain",
  "diFedoraPlain",
  "diFigmaPlain",
  "diFilezillaPlainWordmark",
  "diFilezillaPlain",
  "diFirebasePlainWordmark",
  "diFirebasePlain",
  "diFirefoxPlainWordmark",
  "diFirefoxPlain",
  "diFlutterPlain",
  "diFoundationPlainWordmark",
  "diFoundationPlain",
  "diFsharpPlain",
  "diGatlingPlainWordmark",
  "diGatsbyPlainWordmark",
  "diGazeboPlainWordmark",
  "diGazeboPlain",
  "diGccPlain",
  "diGentooPlainWordmark",
  "diGentooPlain",
  "diGimpPlainWordmark",
  "diGimpPlain",
  "diGitPlainWordmark",
  "diGitPlain",
  "diGithubactionsPlain",
  "diGithubcodespacesPlain",
  "diGitlabPlainWordmark",
  "diGitlabPlain",
  "diGitpodPlainWordmark",
  "diGitpodPlain",
  "diGitterPlainWordmark",
  "diGitterPlain",
  "diGoPlain",
  "diGodotPlainWordmark",
  "diGodotPlain",
  "diGolandPlainWordmark",
  "diGolandPlain",
  "diGooglePlainWordmark",
  "diGooglePlain",
  "diGooglecloudPlainWordmark",
  "diGooglecloudPlain",
  "diGrafanaPlainWordmark",
  "diGrafanaPlain",
  "diGrailsPlain",
  "diGraphqlPlainWordmark",
  "diGraphqlPlain",
  "diGroovyPlain",
  "diGrpcPlain",
  "diGruntPlainWordmark",
  "diGruntPlain",
  "diGulpPlain",
  "diHadoopPlainWordmark",
  "diHadoopPlain",
  "diHardhatPlainWordmark",
  "diHardhatPlain",
  "diHarvesterPlainWordmark",
  "diHaskellPlainWordmark",
  "diHaskellPlain",
  "diHaxePlain",
  "diHerokuPlainWordmark",
  "diHerokuPlain",
  "diHibernatePlainWordmark",
  "diHibernatePlain",
  "diHomebrewPlainWordmark",
  "diHomebrewPlain",
  "diHtml5PlainWordmark",
  "diHtml5Plain",
  "diHugoPlainWordmark",
  "diHugoPlain",
  "diIllustratorPlain",
  "diInkscapePlainWordmark",
  "diInkscapePlain",
  "diInsomniaPlainWordmark",
  "diInsomniaPlain",
  "diIntellijPlainWordmark",
  "diIntellijPlain",
  "diJaegertracingPlainWordmark",
  "diJaegertracingPlain",
  "diJamstackPlainWordmark",
  "diJavaPlainWordmark",
  "diJavaPlain",
  "diJavascriptPlain",
  "diJeetPlainWordmark",
  "diJeetPlain",
  "diJekyllPlainWordmark",
  "diJekyllPlain",
  "diJenkinsPlain",
  "diJestPlain",
  "diJetbrainsPlain",
  "diJetpackcomposePlainWordmark",
  "diJetpackcomposePlain",
  "diJiraPlainWordmark",
  "diJiraPlain",
  "diJiraalignPlainWordmark",
  "diJiraalignPlain",
  "diJqueryPlainWordmark",
  "diJqueryPlain",
  "diJsonPlain",
  "diJuliaPlainWordmark",
  "diJuliaPlain",
  "diJunitPlainWordmark",
  "diJunitPlain",
  "diJupyterPlainWordmark",
  "diJupyterPlain",
  "diK3osPlainWordmark",
  "diK3sPlainWordmark",
  "diKaratelabsPlainWordmark",
  "diKaratelabsPlain",
  "diKarmaPlain",
  "diKdeneonPlain",
  "diKerasPlainWordmark",
  "diKerasPlain",
  "diKibanaPlainWordmark",
  "diKibanaPlain",
  "diKnexjsPlainWordmark",
  "diKnockoutPlainWordmark",
  "diKotlinPlainWordmark",
  "diKotlinPlain",
  "diKrakenjsPlainWordmark",
  "diKrakenjsPlain",
  "diKtorPlainWordmark",
  "diKtorPlain",
  "diKubernetesPlainWordmark",
  "diKubernetesPlain",
  "diLabviewPlainWordmark",
  "diLabviewPlain",
  "diLessPlainWordmark",
  "diLinkedinPlainWordmark",
  "diLinkedinPlain",
  "diLinuxPlain",
  "diLivewirePlainWordmark",
  "diLivewirePlain",
  "diLlvmPlain",
  "diLodashPlain",
  "diLogstashPlainWordmark",
  "diLogstashPlain",
  "diLuaPlain",
  "diMagentoPlainWordmark",
  "diMaterializecssPlain",
  "diMaterialuiPlain",
  "diMatlabPlain",
  "diMatplotlibPlainWordmark",
  "diMatplotlibPlain",
  "diMavenPlainWordmark",
  "diMavenPlain",
  "diMayaPlainWordmark",
  "diMayaPlain",
  "diMeteorPlainWordmark",
  "diMeteorPlain",
  "diMicrosoftsqlserverPlainWordmark",
  "diMicrosoftsqlserverPlain",
  "diMinitabPlain",
  "diMobxPlain",
  "diMochaPlain",
  "diModxPlainWordmark",
  "diModxPlain",
  "diMongodbPlainWordmark",
  "diMongodbPlain",
  "diMoodlePlainWordmark",
  "diMoodlePlain",
  "diMsdosPlain",
  "diMysqlPlainWordmark",
  "diNanoPlainWordmark",
  "diNanoPlain",
  "diNeo4jPlainWordmark",
  "diNeo4jPlain",
  "diNeovimPlainWordmark",
  "diNeovimPlain",
  "diNetlifyPlainWordmark",
  "diNetlifyPlain",
  "diNetworkxPlainWordmark",
  "diNetworkxPlain",
  "diNextjsPlain",
  "diNgrxPlain",
  "diNhibernatePlainWordmark",
  "diNhibernatePlain",
  "diNimPlainWordmark",
  "diNimPlain",
  "diNimblePlain",
  "diNixosPlainWordmark",
  "diNixosPlain",
  "diNodejsPlainWordmark",
  "diNodejsPlain",
  "diNodemonPlain",
  "diNodewebkitPlainWordmark",
  "diNodewebkitPlain",
  "diNomadPlainWordmark",
  "diNorgPlain",
  "diNotionPlain",
  "diNumpyPlainWordmark",
  "diNumpyPlain",
  "diNuxtjsPlainWordmark",
  "diNuxtjsPlain",
  "diOauthPlain",
  "diObjectivecPlain",
  "diOcamlPlainWordmark",
  "diOcamlPlain",
  "diOhmyzshPlain",
  "diOktaPlainWordmark",
  "diOktaPlain",
  "diOpenalPlain",
  "diOpenapiPlainWordmark",
  "diOpenapiPlain",
  "diOpenclPlain",
  "diOpencvPlainWordmark",
  "diOpencvPlain",
  "diOpenglPlain",
  "diOpenstackPlainWordmark",
  "diOpentelemetryPlainWordmark",
  "diOpentelemetryPlain",
  "diOperaPlainWordmark",
  "diOperaPlain",
  "diPackerPlainWordmark",
  "diPackerPlain",
  "diPandasPlainWordmark",
  "diPandasPlain",
  "diPerlPlain",
  "diPhalconPlain",
  "diPhoenixPlainWordmark",
  "diPhotonenginePlain",
  "diPhotoshopPlain",
  "diPhpPlain",
  "diPhpstormPlainWordmark",
  "diPhpstormPlain",
  "diPlaywrightPlain",
  "diPlotlyPlainWordmark",
  "diPlotlyPlain",
  "diPnpmPlainWordmark",
  "diPnpmPlain",
  "diPodmanPlainWordmark",
  "diPodmanPlain",
  "diPoetryPlain",
  "diPolygonPlainWordmark",
  "diPolygonPlain",
  "diPostcssPlainWordmark",
  "diPostgresqlPlainWordmark",
  "diPostgresqlPlain",
  "diPostmanPlainWordmark",
  "diPostmanPlain",
  "diPowershellPlain",
  "diPremiereproPlain",
  "diProcessingPlainWordmark",
  "diProcessingPlain",
  "diPrologPlainWordmark",
  "diPrologPlain",
  "diPrometheusPlainWordmark",
  "diProtractorPlainWordmark",
  "diProtractorPlain",
  "diPulumiPlainWordmark",
  "diPulumiPlain",
  "diPuppeteerPlain",
  "diPuttyPlain",
  "diPycharmPlainWordmark",
  "diPycharmPlain",
  "diPypiPlainWordmark",
  "diPypiPlain",
  "diPyscriptPlainWordmark",
  "diPytestPlainWordmark",
  "diPytestPlain",
  "diPythonPlainWordmark",
  "diPythonPlain",
  "diPytorchPlainWordmark",
  "diQodanaPlainWordmark",
  "diQodanaPlain",
  "diQuarkusPlainWordmark",
  "diQuarkusPlain",
  "diQuasarPlainWordmark",
  "diQuasarPlain",
  "diQwikPlainWordmark",
  "diQwikPlain",
  "diRPlain",
  "diRabbitmqPlainWordmark",
  "diRailsPlainWordmark",
  "diRailsPlain",
  "diRancherPlainWordmark",
  "diRaspberrypiPlainWordmark",
  "diRaspberrypiPlain",
  "diReachPlain",
  "diReactrouterPlainWordmark",
  "diReactrouterPlain",
  "diRealmPlainWordmark",
  "diRealmPlain",
  "diRectPlain",
  "diRedhatPlainWordmark",
  "diRedhatPlain",
  "diRedisPlainWordmark",
  "diRedisPlain",
  "diRenpyPlain",
  "diReplitPlainWordmark",
  "diRiderPlainWordmark",
  "diRiderPlain",
  "diRocksdbPlain",
  "diRockylinuxPlainWordmark",
  "diRollupPlainWordmark",
  "diRollupPlain",
  "diRspecPlainWordmark",
  "diRspecPlain",
  "diRstudioPlain",
  "diRubyPlainWordmark",
  "diRubyPlain",
  "diRubyminePlainWordmark",
  "diRubyminePlain",
  "diRxjsPlain",
  "diSafariPlainWordmark",
  "diSafariPlain",
  "diSalesforcePlain",
  "diSanityPlain",
  "diScalaPlainWordmark",
  "diScalaPlain",
  "diScalingoPlainWordmark",
  "diScalingoPlain",
  "diScikitlearnPlain",
  "diSdlPlain",
  "diSequelizePlainWordmark",
  "diSequelizePlain",
  "diShotgridPlain",
  "diSketchPlainWordmark",
  "diSketchPlain",
  "diSlackPlainWordmark",
  "diSlackPlain",
  "diSolidityPlain",
  "diSolidjsPlainWordmark",
  "diSolidjsPlain",
  "diSonarqubePlainWordmark",
  "diSpackPlain",
  "diSpssPlain",
  "diSpyderPlainWordmark",
  "diSpyderPlain",
  "diSqlalchemyPlainWordmark",
  "diSqlalchemyPlain",
  "diSqldeveloperPlain",
  "diSqlitePlainWordmark",
  "diSqlitePlain",
  "diStackoverflowPlainWordmark",
  "diStackoverflowPlain",
  "diStorybookPlainWordmark",
  "diStorybookPlain",
  "diStreamlitPlainWordmark",
  "diStreamlitPlain",
  "diSubversionPlainWordmark",
  "diSupabasePlainWordmark",
  "diSupabasePlain",
  "diSveltePlainWordmark",
  "diSveltePlain",
  "diSwaggerPlainWordmark",
  "diSwaggerPlain",
  "diSwiftPlainWordmark",
  "diSwiftPlain",
  "diTailwindcssPlainWordmark",
  "diTauriPlainWordmark",
  "diTauriPlain",
  "diTerraformPlainWordmark",
  "diTerraformPlain",
  "diThealgorithmsPlainWordmark",
  "diThealgorithmsPlain",
  "diThreedsmaxPlain",
  "diTortoisegitPlain",
  "diTowergitPlainWordmark",
  "diTowergitPlain",
  "diTraefikmeshPlainWordmark",
  "diTraefikproxyPlainWordmark",
  "diTravisPlainWordmark",
  "diTravisPlain",
  "diTrelloPlainWordmark",
  "diTrelloPlain",
  "diTrpcPlainWordmark",
  "diTrpcPlain",
  "diTypescriptPlain",
  "diTypo3PlainWordmark",
  "diUbuntuPlainWordmark",
  "diUbuntuPlain",
  "diUnifiedmodelinglanguagePlainWordmark",
  "diUnifiedmodelinglanguagePlain",
  "diUnityPlainWordmark",
  "diUnityPlain",
  "diUwsgiPlain",
  "diV8Plain",
  "diVagrantPlainWordmark",
  "diVagrantPlain",
  "diValaPlainWordmark",
  "diValaPlain",
  "diVaultPlainWordmark",
  "diVertxPlainWordmark",
  "diVertxPlain",
  "diVimPlain",
  "diVisualbasicPlain",
  "diVisualstudioPlainWordmark",
  "diVisualstudioPlain",
  "diVitejsPlain",
  "diVitessPlainWordmark",
  "diVitessPlain",
  "diVitestPlain",
  "diVscodePlainWordmark",
  "diVscodePlain",
  "diVspherePlainWordmark",
  "diVspherePlain",
  "diVuejsPlainWordmark",
  "diVuejsPlain",
  "diVuestorefrontPlain",
  "diVuetifyPlain",
  "diVyperPlainWordmark",
  "diVyperPlain",
  "diWasmPlainWordmark",
  "diWeblatePlainWordmark",
  "diWeblatePlain",
  "diWebpackPlainWordmark",
  "diWebpackPlain",
  "diWebstormPlainWordmark",
  "diWebstormPlain",
  "diWoocommercePlainWordmark",
  "diWoocommercePlain",
  "diWordpressPlainWordmark",
  "diWordpressPlain",
  "diXcodePlain",
  "diXdPlain",
  "diXmlPlain",
  "diYamlPlain",
  "diYiiPlainWordmark",
  "diYiiPlain",
  "diYugabytedbPlainWordmark",
  "diYugabytedbPlain",
  "diYunohostPlain",
  "diZigPlainWordmark",
]
`;

exports[`Devicon Icons should ensure the export names have not changed unexpectedly 3`] = `
Array [
  "diAarch64Original",
  "diAdonisjsOriginalWordmark",
  "diAdonisjsOriginal",
  "diAftereffectsOriginal",
  "diAkkaOriginalWordmark",
  "diAkkaOriginal",
  "diAlgoliaOriginalWordmark",
  "diAlgoliaOriginal",
  "diAlpinejsOriginalWordmark",
  "diAlpinejsOriginal",
  "diAmazonwebservicesOriginalWordmark",
  "diAnacondaOriginalWordmark",
  "diAnacondaOriginal",
  "diAndroidOriginalWordmark",
  "diAndroidOriginal",
  "diAndroidstudioOriginalWordmark",
  "diAndroidstudioOriginal",
  "diAngularOriginalWordmark",
  "diAngularOriginal",
  "diAngularjsOriginalWordmark",
  "diAngularjsOriginal",
  "diAngularmaterialOriginal",
  "diAnsibleOriginalWordmark",
  "diAnsibleOriginal",
  "diAntdesignOriginalWordmark",
  "diAntdesignOriginal",
  "diApacheOriginalWordmark",
  "diApacheOriginal",
  "diApacheairflowOriginalWordmark",
  "diApacheairflowOriginal",
  "diApachekafkaOriginalWordmark",
  "diApachekafkaOriginal",
  "diApachesparkOriginalWordmark",
  "diApachesparkOriginal",
  "diAplOriginal",
  "diAppceleratorOriginalWordmark",
  "diAppceleratorOriginal",
  "diAppleOriginal",
  "diAppwriteOriginalWordmark",
  "diAppwriteOriginal",
  "diArchlinuxOriginalWordmark",
  "diArchlinuxOriginal",
  "diArduinoOriginalWordmark",
  "diArduinoOriginal",
  "diArgocdOriginalWordmark",
  "diArgocdOriginal",
  "diAstroOriginalWordmark",
  "diAstroOriginal",
  "diAtomOriginalWordmark",
  "diAtomOriginal",
  "diAwkOriginalWordmark",
  "diAzureOriginalWordmark",
  "diAzureOriginal",
  "diAzuredevopsOriginal",
  "diAzuresqldatabaseOriginal",
  "diBabelOriginal",
  "diBackbonejsOriginalWordmark",
  "diBackbonejsOriginal",
  "diBallerinaOriginalWordmark",
  "diBallerinaOriginal",
  "diBambooOriginalWordmark",
  "diBambooOriginal",
  "diBashOriginal",
  "diBeatsOriginal",
  "diBehanceOriginalWordmark",
  "diBehanceOriginal",
  "diBitbucketOriginalWordmark",
  "diBitbucketOriginal",
  "diBlazorOriginal",
  "diBlenderOriginalWordmark",
  "diBlenderOriginal",
  "diBootstrapOriginalWordmark",
  "diBootstrapOriginal",
  "diBowerOriginalWordmark",
  "diBowerOriginal",
  "diBrowserstackOriginalWordmark",
  "diBrowserstackOriginal",
  "diBunOriginal",
  "diCOriginal",
  "diCairoOriginalWordmark",
  "diCairoOriginal",
  "diCakephpOriginalWordmark",
  "diCakephpOriginal",
  "diCanvaOriginal",
  "diCapacitorOriginalWordmark",
  "diCapacitorOriginal",
  "diCarbonOriginal",
  "diCassandraOriginalWordmark",
  "diCassandraOriginal",
  "diCentosOriginalWordmark",
  "diCentosOriginal",
  "diCeylonOriginalWordmark",
  "diCeylonOriginal",
  "diChromeOriginalWordmark",
  "diChromeOriginal",
  "diClarityOriginalWordmark",
  "diClarityOriginal",
  "diClionOriginalWordmark",
  "diClionOriginal",
  "diClojureOriginal",
  "diClojurescriptOriginal",
  "diCloudflareOriginalWordmark",
  "diCloudflareOriginal",
  "diCloudflareworkersOriginalWordmark",
  "diCloudflareworkersOriginal",
  "diCmakeOriginalWordmark",
  "diCmakeOriginal",
  "diCodeacOriginal",
  "diCodepenOriginalWordmark",
  "diCodepenOriginal",
  "diCoffeescriptOriginalWordmark",
  "diCoffeescriptOriginal",
  "diComposerOriginal",
  "diConfluenceOriginalWordmark",
  "diConfluenceOriginal",
  "diConsulOriginalWordmark",
  "diConsulOriginal",
  "diContaoOriginalWordmark",
  "diContaoOriginal",
  "diCorejsOriginalWordmark",
  "diCorejsOriginal",
  "diCosmosdbOriginalWordmark",
  "diCosmosdbOriginal",
  "diCouchbaseOriginalWordmark",
  "diCouchbaseOriginal",
  "diCouchdbOriginalWordmark",
  "diCouchdbOriginal",
  "diCplusplusOriginal",
  "diCrystalOriginalWordmark",
  "diCrystalOriginal",
  "diCsharpOriginal",
  "diCss3OriginalWordmark",
  "diCss3Original",
  "diCypressioOriginalWordmark",
  "diCypressioOriginal",
  "diD3jsOriginal",
  "diDartOriginalWordmark",
  "diDartOriginal",
  "diDatagripOriginal",
  "diDataspellOriginalWordmark",
  "diDataspellOriginal",
  "diDbeaverOriginal",
  "diDebianOriginalWordmark",
  "diDebianOriginal",
  "diDenojsOriginalWordmark",
  "diDenojsOriginal",
  "diDeviconOriginalWordmark",
  "diDeviconOriginal",
  "diDigitaloceanOriginalWordmark",
  "diDigitaloceanOriginal",
  "diDiscordjsOriginalWordmark",
  "diDiscordjsOriginal",
  "diDjangorestOriginalWordmark",
  "diDjangorestOriginal",
  "diDockerOriginalWordmark",
  "diDockerOriginal",
  "diDoctrineOriginalWordmark",
  "diDoctrineOriginal",
  "diDotNetOriginalWordmark",
  "diDotNetOriginal",
  "diDotnetcoreOriginal",
  "diDreamweaverOriginal",
  "diDropwizardOriginal",
  "diDrupalOriginalWordmark",
  "diDrupalOriginal",
  "diDynamodbOriginal",
  "diEclipseOriginalWordmark",
  "diEclipseOriginal",
  "diEctoOriginalWordmark",
  "diEctoOriginal",
  "diElasticsearchOriginalWordmark",
  "diElasticsearchOriginal",
  "diElectronOriginalWordmark",
  "diElectronOriginal",
  "diEleventyOriginal",
  "diElixirOriginalWordmark",
  "diElixirOriginal",
  "diElmOriginalWordmark",
  "diElmOriginal",
  "diEmacsOriginal",
  "diEmbeddedcOriginalWordmark",
  "diEmbeddedcOriginal",
  "diEmberOriginalWordmark",
  "diEmberOriginal",
  "diEnvoyOriginalWordmark",
  "diEnvoyOriginal",
  "diErlangOriginalWordmark",
  "diErlangOriginal",
  "diEslintOriginalWordmark",
  "diEslintOriginal",
  "diExpressOriginalWordmark",
  "diExpressOriginal",
  "diFacebookOriginal",
  "diFastapiOriginalWordmark",
  "diFastapiOriginal",
  "diFastifyOriginalWordmark",
  "diFastifyOriginal",
  "diFaunadbOriginalWordmark",
  "diFaunadbOriginal",
  "diFeathersjsOriginal",
  "diFedoraOriginal",
  "diFigmaOriginal",
  "diFilezillaOriginalWordmark",
  "diFilezillaOriginal",
  "diFirebaseOriginalWordmark",
  "diFirebaseOriginal",
  "diFirefoxOriginalWordmark",
  "diFirefoxOriginal",
  "diFlaskOriginalWordmark",
  "diFlaskOriginal",
  "diFlutterOriginal",
  "diFortranOriginal",
  "diFoundationOriginalWordmark",
  "diFoundationOriginal",
  "diFramermotionOriginalWordmark",
  "diFramermotionOriginal",
  "diFramework7OriginalWordmark",
  "diFramework7Original",
  "diFsharpOriginal",
  "diGatlingOriginalWordmark",
  "diGatlingOriginal",
  "diGatsbyOriginalWordmark",
  "diGatsbyOriginal",
  "diGazeboOriginalWordmark",
  "diGazeboOriginal",
  "diGccOriginal",
  "diGentooOriginalWordmark",
  "diGentooOriginal",
  "diGhostOriginalWordmark",
  "diGhostOriginal",
  "diGimpOriginalWordmark",
  "diGimpOriginal",
  "diGitOriginalWordmark",
  "diGitOriginal",
  "diGitbookOriginalWordmark",
  "diGitbookOriginal",
  "diGithubOriginalWordmark",
  "diGithubOriginal",
  "diGithubactionsOriginal",
  "diGithubcodespacesOriginal",
  "diGitlabOriginalWordmark",
  "diGitlabOriginal",
  "diGitpodOriginalWordmark",
  "diGitpodOriginal",
  "diGoOriginalWordmark",
  "diGoOriginal",
  "diGodotOriginalWordmark",
  "diGodotOriginal",
  "diGolandOriginal",
  "diGoogleOriginalWordmark",
  "diGoogleOriginal",
  "diGooglecloudOriginalWordmark",
  "diGooglecloudOriginal",
  "diGradleOriginalWordmark",
  "diGradleOriginal",
  "diGrafanaOriginalWordmark",
  "diGrafanaOriginal",
  "diGrailsOriginal",
  "diGroovyOriginal",
  "diGrpcOriginal",
  "diGruntOriginalWordmark",
  "diGruntOriginal",
  "diHadoopOriginalWordmark",
  "diHadoopOriginal",
  "diHandlebarsOriginalWordmark",
  "diHandlebarsOriginal",
  "diHardhatOriginalWordmark",
  "diHardhatOriginal",
  "diHarvesterOriginalWordmark",
  "diHarvesterOriginal",
  "diHaskellOriginalWordmark",
  "diHaskellOriginal",
  "diHaxeOriginal",
  "diHelmOriginal",
  "diHerokuOriginalWordmark",
  "diHerokuOriginal",
  "diHibernateOriginalWordmark",
  "diHibernateOriginal",
  "diHomebrewOriginalWordmark",
  "diHomebrewOriginal",
  "diHtml5OriginalWordmark",
  "diHtml5Original",
  "diHugoOriginalWordmark",
  "diHugoOriginal",
  "diIe10Original",
  "diIftttOriginal",
  "diInfluxdbOriginalWordmark",
  "diInfluxdbOriginal",
  "diInkscapeOriginalWordmark",
  "diInkscapeOriginal",
  "diInsomniaOriginalWordmark",
  "diInsomniaOriginal",
  "diIntellijOriginal",
  "diIonicOriginalWordmark",
  "diIonicOriginal",
  "diJaegertracingOriginalWordmark",
  "diJaegertracingOriginal",
  "diJamstackOriginalWordmark",
  "diJamstackOriginal",
  "diJasmineOriginalWordmark",
  "diJasmineOriginal",
  "diJavaOriginalWordmark",
  "diJavaOriginal",
  "diJavascriptOriginal",
  "diJeetOriginalWordmark",
  "diJeetOriginal",
  "diJekyllOriginalWordmark",
  "diJekyllOriginal",
  "diJenkinsOriginal",
  "diJetbrainsOriginal",
  "diJetpackcomposeOriginalWordmark",
  "diJetpackcomposeOriginal",
  "diJiraOriginalWordmark",
  "diJiraOriginal",
  "diJiraalignOriginalWordmark",
  "diJiraalignOriginal",
  "diJqueryOriginalWordmark",
  "diJqueryOriginal",
  "diJsonOriginal",
  "diJuleOriginalWordmark",
  "diJuleOriginal",
  "diJuliaOriginalWordmark",
  "diJuliaOriginal",
  "diJunitOriginalWordmark",
  "diJunitOriginal",
  "diJupyterOriginalWordmark",
  "diJupyterOriginal",
  "diK3osOriginalWordmark",
  "diK3osOriginal",
  "diK3sOriginalWordmark",
  "diK3sOriginal",
  "diK6Original",
  "diKaggleOriginalWordmark",
  "diKaggleOriginal",
  "diKaratelabsOriginalWordmark",
  "diKaratelabsOriginal",
  "diKarmaOriginal",
  "diKdeneonOriginal",
  "diKerasOriginalWordmark",
  "diKerasOriginal",
  "diKibanaOriginalWordmark",
  "diKibanaOriginal",
  "diKnexjsOriginalWordmark",
  "diKnexjsOriginal",
  "diKotlinOriginalWordmark",
  "diKotlinOriginal",
  "diKrakenjsOriginalWordmark",
  "diKrakenjsOriginal",
  "diKtorOriginalWordmark",
  "diKtorOriginal",
  "diKubernetesOriginalWordmark",
  "diKubernetesOriginal",
  "diLabviewOriginalWordmark",
  "diLabviewOriginal",
  "diLaravelOriginalWordmark",
  "diLaravelOriginal",
  "diLatexOriginal",
  "diLinkedinOriginalWordmark",
  "diLinkedinOriginal",
  "diLinuxOriginal",
  "diLiquibaseOriginalWordmark",
  "diLiquibaseOriginal",
  "diLivewireOriginalWordmark",
  "diLivewireOriginal",
  "diLlvmOriginal",
  "diLodashOriginal",
  "diLogstashOriginalWordmark",
  "diLogstashOriginal",
  "diLuaOriginal",
  "diLumenOriginal",
  "diMagentoOriginalWordmark",
  "diMagentoOriginal",
  "diMariadbOriginalWordmark",
  "diMariadbOriginal",
  "diMarkdownOriginal",
  "diMaterializecssOriginal",
  "diMaterialuiOriginal",
  "diMatlabOriginal",
  "diMatplotlibOriginalWordmark",
  "diMatplotlibOriginal",
  "diMavenOriginalWordmark",
  "diMavenOriginal",
  "diMayaOriginalWordmark",
  "diMayaOriginal",
  "diMeteorOriginalWordmark",
  "diMeteorOriginal",
  "diMicrosoftsqlserverOriginalWordmark",
  "diMicrosoftsqlserverOriginal",
  "diMinitabOriginal",
  "diMithrilOriginal",
  "diMobxOriginal",
  "diMochaOriginal",
  "diModxOriginalWordmark",
  "diModxOriginal",
  "diMoleculerOriginalWordmark",
  "diMoleculerOriginal",
  "diMongodbOriginalWordmark",
  "diMongodbOriginal",
  "diMongooseOriginalWordmark",
  "diMongooseOriginal",
  "diMoodleOriginalWordmark",
  "diMoodleOriginal",
  "diMsdosOriginal",
  "diMysqlOriginalWordmark",
  "diMysqlOriginal",
  "diNanoOriginalWordmark",
  "diNanoOriginal",
  "diNeo4jOriginalWordmark",
  "diNeo4jOriginal",
  "diNeovimOriginalWordmark",
  "diNeovimOriginal",
  "diNestjsOriginalWordmark",
  "diNestjsOriginal",
  "diNetlifyOriginalWordmark",
  "diNetlifyOriginal",
  "diNetworkxOriginalWordmark",
  "diNetworkxOriginal",
  "diNextjsOriginalWordmark",
  "diNextjsOriginal",
  "diNginxOriginal",
  "diNgrxOriginal",
  "diNhibernateOriginalWordmark",
  "diNhibernateOriginal",
  "diNimOriginalWordmark",
  "diNimOriginal",
  "diNimbleOriginal",
  "diNixosOriginalWordmark",
  "diNixosOriginal",
  "diNodejsOriginalWordmark",
  "diNodejsOriginal",
  "diNodemonOriginal",
  "diNodewebkitOriginalWordmark",
  "diNodewebkitOriginal",
  "diNomadOriginalWordmark",
  "diNomadOriginal",
  "diNorgOriginal",
  "diNotionOriginal",
  "diNpmOriginalWordmark",
  "diNugetOriginalWordmark",
  "diNugetOriginal",
  "diNumpyOriginalWordmark",
  "diNumpyOriginal",
  "diNuxtjsOriginalWordmark",
  "diNuxtjsOriginal",
  "diOauthOriginal",
  "diOcamlOriginalWordmark",
  "diOcamlOriginal",
  "diOhmyzshOriginal",
  "diOktaOriginalWordmark",
  "diOktaOriginal",
  "diOpenalOriginal",
  "diOpenapiOriginalWordmark",
  "diOpenapiOriginal",
  "diOpenclOriginal",
  "diOpencvOriginalWordmark",
  "diOpencvOriginal",
  "diOpenglOriginal",
  "diOpenstackOriginalWordmark",
  "diOpenstackOriginal",
  "diOpensuseOriginalWordmark",
  "diOpensuseOriginal",
  "diOpentelemetryOriginalWordmark",
  "diOpentelemetryOriginal",
  "diOperaOriginalWordmark",
  "diOperaOriginal",
  "diOracleOriginal",
  "diOryOriginalWordmark",
  "diOryOriginal",
  "diP5jsOriginal",
  "diPackerOriginalWordmark",
  "diPackerOriginal",
  "diPandasOriginalWordmark",
  "diPandasOriginal",
  "diPerlOriginal",
  "diPfsenseOriginalWordmark",
  "diPfsenseOriginal",
  "diPhalconOriginal",
  "diPhoenixOriginalWordmark",
  "diPhoenixOriginal",
  "diPhotonengineOriginal",
  "diPhotoshopOriginal",
  "diPhpOriginal",
  "diPhpstormOriginal",
  "diPlaywrightOriginal",
  "diPlotlyOriginalWordmark",
  "diPlotlyOriginal",
  "diPnpmOriginalWordmark",
  "diPnpmOriginal",
  "diPodmanOriginalWordmark",
  "diPodmanOriginal",
  "diPoetryOriginal",
  "diPolygonOriginalWordmark",
  "diPolygonOriginal",
  "diPortainerOriginalWordmark",
  "diPortainerOriginal",
  "diPostcssOriginalWordmark",
  "diPostcssOriginal",
  "diPostgresqlOriginalWordmark",
  "diPostgresqlOriginal",
  "diPostmanOriginalWordmark",
  "diPostmanOriginal",
  "diPowershellOriginal",
  "diPremiereproOriginal",
  "diPrismaOriginalWordmark",
  "diPrismaOriginal",
  "diProcessingOriginalWordmark",
  "diProcessingOriginal",
  "diPrologOriginalWordmark",
  "diPrologOriginal",
  "diPrometheusOriginalWordmark",
  "diPrometheusOriginal",
  "diProtractorOriginalWordmark",
  "diProtractorOriginal",
  "diPulsarOriginalWordmark",
  "diPulsarOriginal",
  "diPulumiOriginalWordmark",
  "diPulumiOriginal",
  "diPuppeteerOriginal",
  "diPurescriptOriginalWordmark",
  "diPurescriptOriginal",
  "diPuttyOriginal",
  "diPycharmOriginalWordmark",
  "diPycharmOriginal",
  "diPypiOriginalWordmark",
  "diPypiOriginal",
  "diPyscriptOriginalWordmark",
  "diPytestOriginalWordmark",
  "diPytestOriginal",
  "diPythonOriginalWordmark",
  "diPythonOriginal",
  "diPytorchOriginalWordmark",
  "diPytorchOriginal",
  "diQodanaOriginal",
  "diQtOriginal",
  "diQuarkusOriginalWordmark",
  "diQuarkusOriginal",
  "diQuasarOriginalWordmark",
  "diQuasarOriginal",
  "diQwikOriginalWordmark",
  "diQwikOriginal",
  "diROriginal",
  "diRabbitmqOriginalWordmark",
  "diRabbitmqOriginal",
  "diRailsOriginalWordmark",
  "diRailwayOriginalWordmark",
  "diRailwayOriginal",
  "diRancherOriginalWordmark",
  "diRancherOriginal",
  "diRaspberrypiOriginalWordmark",
  "diRaspberrypiOriginal",
  "diReachOriginal",
  "diReactOriginalWordmark",
  "diReactOriginal",
  "diReactbootstrapOriginal",
  "diReactnavigationOriginal",
  "diReactrouterOriginalWordmark",
  "diReactrouterOriginal",
  "diReadthedocsOriginalWordmark",
  "diReadthedocsOriginal",
  "diRealmOriginalWordmark",
  "diRealmOriginal",
  "diRectOriginal",
  "diRedhatOriginalWordmark",
  "diRedhatOriginal",
  "diRedisOriginalWordmark",
  "diRedisOriginal",
  "diReduxOriginal",
  "diRenpyOriginal",
  "diReplitOriginalWordmark",
  "diReplitOriginal",
  "diRiderOriginalWordmark",
  "diRiderOriginal",
  "diRocksdbOriginal",
  "diRockylinuxOriginalWordmark",
  "diRockylinuxOriginal",
  "diRollupOriginalWordmark",
  "diRollupOriginal",
  "diRosOriginalWordmark",
  "diRosOriginal",
  "diRspecOriginalWordmark",
  "diRspecOriginal",
  "diRstudioOriginal",
  "diRubyOriginalWordmark",
  "diRubyOriginal",
  "diRubymineOriginalWordmark",
  "diRubymineOriginal",
  "diRustOriginal",
  "diRxjsOriginal",
  "diSafariOriginalWordmark",
  "diSafariOriginal",
  "diSalesforceOriginal",
  "diSanityOriginal",
  "diSassOriginal",
  "diScalaOriginalWordmark",
  "diScalaOriginal",
  "diScalingoOriginalWordmark",
  "diScalingoOriginal",
  "diScikitlearnOriginal",
  "diSdlOriginal",
  "diSeleniumOriginal",
  "diSemaOriginalWordmark",
  "diSemaOriginal",
  "diSentryOriginalWordmark",
  "diSentryOriginal",
  "diSequelizeOriginalWordmark",
  "diSequelizeOriginal",
  "diShopwareOriginalWordmark",
  "diShopwareOriginal",
  "diShotgridOriginalWordmark",
  "diShotgridOriginal",
  "diSketchOriginalWordmark",
  "diSketchOriginal",
  "diSlackOriginalWordmark",
  "diSlackOriginal",
  "diSocketioOriginalWordmark",
  "diSocketioOriginal",
  "diSolidityOriginal",
  "diSolidjsOriginalWordmark",
  "diSolidjsOriginal",
  "diSonarqubeOriginalWordmark",
  "diSonarqubeOriginal",
  "diSourcetreeOriginalWordmark",
  "diSourcetreeOriginal",
  "diSpackOriginal",
  "diSplunkOriginalWordmark",
  "diSpringOriginalWordmark",
  "diSpringOriginal",
  "diSpssOriginal",
  "diSpyderOriginalWordmark",
  "diSpyderOriginal",
  "diSqlalchemyOriginalWordmark",
  "diSqlalchemyOriginal",
  "diSqldeveloperOriginal",
  "diSqliteOriginalWordmark",
  "diSqliteOriginal",
  "diSshOriginalWordmark",
  "diSshOriginal",
  "diStackoverflowOriginalWordmark",
  "diStackoverflowOriginal",
  "diStataOriginalWordmark",
  "diStorybookOriginalWordmark",
  "diStorybookOriginal",
  "diStreamlitOriginalWordmark",
  "diStreamlitOriginal",
  "diStylusOriginal",
  "diSubversionOriginalWordmark",
  "diSubversionOriginal",
  "diSupabaseOriginalWordmark",
  "diSupabaseOriginal",
  "diSvelteOriginalWordmark",
  "diSvelteOriginal",
  "diSwaggerOriginalWordmark",
  "diSwaggerOriginal",
  "diSwiftOriginalWordmark",
  "diSwiftOriginal",
  "diSwiperOriginal",
  "diSymfonyOriginalWordmark",
  "diSymfonyOriginal",
  "diTailwindcssOriginalWordmark",
  "diTailwindcssOriginal",
  "diTauriOriginalWordmark",
  "diTauriOriginal",
  "diTensorflowOriginalWordmark",
  "diTensorflowOriginal",
  "diTerraformOriginalWordmark",
  "diTerraformOriginal",
  "diTexOriginal",
  "diThealgorithmsOriginalWordmark",
  "diThealgorithmsOriginal",
  "diThreedsmaxOriginal",
  "diThreejsOriginalWordmark",
  "diThreejsOriginal",
  "diTitaniumsdkOriginal",
  "diTomcatOriginalWordmark",
  "diTomcatOriginal",
  "diTortoisegitOriginal",
  "diTowergitOriginalWordmark",
  "diTowergitOriginal",
  "diTraefikmeshOriginalWordmark",
  "diTraefikmeshOriginal",
  "diTraefikproxyOriginalWordmark",
  "diTraefikproxyOriginal",
  "diTravisOriginalWordmark",
  "diTravisOriginal",
  "diTrelloOriginalWordmark",
  "diTrelloOriginal",
  "diTrpcOriginalWordmark",
  "diTrpcOriginal",
  "diTwitterOriginal",
  "diTypescriptOriginal",
  "diTypo3OriginalWordmark",
  "diTypo3Original",
  "diUbuntuOriginalWordmark",
  "diUbuntuOriginal",
  "diUnifiedmodelinglanguageOriginalWordmark",
  "diUnifiedmodelinglanguageOriginal",
  "diUnityOriginalWordmark",
  "diUnityOriginal",
  "diUnixOriginal",
  "diUnrealengineOriginalWordmark",
  "diUnrealengineOriginal",
  "diUwsgiOriginal",
  "diV8Original",
  "diVagrantOriginalWordmark",
  "diVagrantOriginal",
  "diValaOriginalWordmark",
  "diValaOriginal",
  "diVaultOriginalWordmark",
  "diVaultOriginal",
  "diVercelOriginalWordmark",
  "diVercelOriginal",
  "diVertxOriginalWordmark",
  "diVertxOriginal",
  "diVimOriginal",
  "diVisualbasicOriginal",
  "diVisualstudioOriginalWordmark",
  "diVisualstudioOriginal",
  "diViteOriginalWordmark",
  "diViteOriginal",
  "diVitejsOriginal",
  "diVitessOriginalWordmark",
  "diVitessOriginal",
  "diVitestOriginal",
  "diVscodeOriginalWordmark",
  "diVscodeOriginal",
  "diVsphereOriginalWordmark",
  "diVsphereOriginal",
  "diVuejsOriginalWordmark",
  "diVuejsOriginal",
  "diVuestorefrontOriginal",
  "diVuetifyOriginal",
  "diVyperOriginalWordmark",
  "diVyperOriginal",
  "diWasmOriginalWordmark",
  "diWasmOriginal",
  "diWebflowOriginal",
  "diWeblateOriginalWordmark",
  "diWeblateOriginal",
  "diWebpackOriginalWordmark",
  "diWebpackOriginal",
  "diWebstormOriginalWordmark",
  "diWebstormOriginal",
  "diWindows11OriginalWordmark",
  "diWindows11Original",
  "diWindows8OriginalWordmark",
  "diWindows8Original",
  "diWoocommerceOriginalWordmark",
  "diWoocommerceOriginal",
  "diWordpressOriginal",
  "diXamarinOriginalWordmark",
  "diXamarinOriginal",
  "diXcodeOriginal",
  "diXdOriginal",
  "diXmlOriginal",
  "diYamlOriginal",
  "diYarnOriginalWordmark",
  "diYarnOriginal",
  "diYiiOriginalWordmark",
  "diYiiOriginal",
  "diYugabytedbOriginalWordmark",
  "diYugabytedbOriginal",
  "diYunohostOriginal",
  "diZendOriginalWordmark",
  "diZendOriginal",
  "diZigOriginalWordmark",
  "diZigOriginal",
]
`;
